[
  {
    "id": 1,
    "name": "Swapna",
    "role": "Engineer",
    "salary": 90000
  },
  {
    "id": 2,
    "name": "Bob",
    "role": "Analyst",
    "salary": 75000
  }
]