"id","name","role","salary"
"1","Swapna","Engineer","90000"
"2","Bob","Analyst","75000"