"ID","NAME","ROLE","SALARY"
"1","Swapna","Engineer","90000.00"
"2","Bob","Analyst","75000.00"
"3","Swapna2","QA","80000.00"
