id,name,role,salary
1,John Doe,Developer,60000.00
2,Jane Smith,Manager,75000.00
3,Alice Johnson,Architect,85000.00
4,Bob Wilson,DevOps,70000.00
