ID,NAME,ROLE,SALARY
2,Bob,Analyst,75000
1,Swapna,Engineer,90000
3,Swapna2,QA,80000